// Jest Snapshot v1, https://goo.gl/fbAQLP

exports[`Loading Screen should be render screen 1`] = `
<BVLinearGradient
  colors={
    Array [
      4282066552,
      4294924895,
    ]
  }
  endPoint={
    Object {
      "x": 0,
      "y": 1.05,
    }
  }
  locations={null}
  startPoint={
    Object {
      "x": 0,
      "y": 0,
    }
  }
  style={
    Array [
      Object {
        "flexBasis": 0,
        "flexGrow": 1,
        "flexShrink": 1,
      },
    ]
  }
>
  <View
    style={
      Array [
        Object {
          "alignItems": "center",
          "flexBasis": 0,
          "flexGrow": 1,
          "flexShrink": 1,
          "justifyContent": "center",
        },
      ]
    }
  >
    <Image
      source={
        Object {
          "testUri": "../../../app/assets/img/logo-white.png",
        }
      }
      style={
        Array [
          Object {
            "height": 55,
            "width": 244,
          },
        ]
      }
      testID="component-loading-logo"
    />
    <ActivityIndicator
      animating={true}
      color="#FFFFFF"
      hidesWhenStopped={true}
      size="small"
      style={
        Array [
          Object {},
        ]
      }
      testID="component-loading-item"
    />
  </View>
</BVLinearGradient>
`;
