// Jest Snapshot v1, https://goo.gl/fbAQLP

exports[`Linear Background should be render a linear gradient component correctly 1`] = `
<BVLinearGradient
  colors={
    Array [
      4282066552,
      4294924895,
    ]
  }
  endPoint={
    Object {
      "x": 0,
      "y": 1.05,
    }
  }
  locations={null}
  startPoint={
    Object {
      "x": 0,
      "y": 0,
    }
  }
  style={
    Array [
      Object {
        "flexBasis": 0,
        "flexGrow": 1,
        "flexShrink": 1,
      },
    ]
  }
  testID="component-linear-background"
/>
`;
