// Jest Snapshot v1, https://goo.gl/fbAQLP

exports[`Loading Component should be contains a loading item 1`] = `
<View
  style={
    Array [
      Object {
        "alignItems": "center",
        "backgroundColor": "#333333",
        "flexBasis": 0,
        "flexGrow": 1,
        "flexShrink": 1,
        "justifyContent": "center",
      },
    ]
  }
>
  <Image
    source={
      Object {
        "testUri": "../../../app/assets/img/logo-white.png",
      }
    }
    style={
      Array [
        Object {
          "height": 47,
          "width": 210,
        },
      ]
    }
    testID="component-loading-logo"
  />
  <ActivityIndicator
    animating={true}
    color="white"
    hidesWhenStopped={true}
    size="small"
    testID="component-loading-item"
  />
</View>
`;

exports[`Loading Component should be contains a logo 1`] = `
<View
  style={
    Array [
      Object {
        "alignItems": "center",
        "backgroundColor": "#333333",
        "flexBasis": 0,
        "flexGrow": 1,
        "flexShrink": 1,
        "justifyContent": "center",
      },
    ]
  }
>
  <Image
    source={
      Object {
        "testUri": "../../../app/assets/img/logo-white.png",
      }
    }
    style={
      Array [
        Object {
          "height": 47,
          "width": 210,
        },
      ]
    }
    testID="component-loading-logo"
  />
  <ActivityIndicator
    animating={true}
    color="white"
    hidesWhenStopped={true}
    size="small"
    testID="component-loading-item"
  />
</View>
`;
